Analysis & Synthesis report for De0_SoC
Fri Sep  4 13:54:41 2026
Quartus Prime Version 25.1std.0 Build 1129 10/21/2025 SC Lite Edition


---------------------
; Table of Contents ;
---------------------
  1. Legal Notice
  2. Analysis & Synthesis Summary
  3. Analysis & Synthesis Settings
  4. Parallel Compilation
  5. Analysis & Synthesis Source Files Read
  6. Analysis & Synthesis Resource Usage Summary
  7. Analysis & Synthesis Resource Utilization by Entity
  8. General Register Statistics
  9. Post-Synthesis Netlist Statistics for Top Partition
 10. Elapsed Time Per Partition
 11. Analysis & Synthesis Messages



----------------
; Legal Notice ;
----------------
Copyright (C) 2025  Altera Corporation. All rights reserved.
Your use of Altera Corporation's design tools, logic functions 
and other software and tools, and any partner logic 
functions, and any output files from any of the foregoing 
(including device programming or simulation files), and any 
associated documentation or information are expressly subject 
to the terms and conditions of the Altera Program License 
Subscription Agreement, the Altera Quartus Prime License Agreement,
the Altera IP License Agreement, or other applicable license
agreement, including, without limitation, that your use is for
the sole purpose of programming logic devices manufactured by
Altera and sold by Altera or its authorized distributors.  Please
refer to the Altera Software License Subscription Agreements 
on the Quartus Prime software download page.



+-----------------------------------------------------------------------------------+
; Analysis & Synthesis Summary                                                      ;
+---------------------------------+-------------------------------------------------+
; Analysis & Synthesis Status     ; Successful - Fri Sep  4 13:54:41 2026           ;
; Quartus Prime Version           ; 25.1std.0 Build 1129 10/21/2025 SC Lite Edition ;
; Revision Name                   ; De0_SoC                                         ;
; Top-level Entity Name           ; De0_SoC                                         ;
; Family                          ; Cyclone V                                       ;
; Logic utilization (in ALMs)     ; N/A                                             ;
; Total registers                 ; 0                                               ;
; Total pins                      ; 24                                              ;
; Total virtual pins              ; 0                                               ;
; Total block memory bits         ; 0                                               ;
; Total DSP Blocks                ; 0                                               ;
; Total HSSI RX PCSs              ; 0                                               ;
; Total HSSI PMA RX Deserializers ; 0                                               ;
; Total HSSI TX PCSs              ; 0                                               ;
; Total HSSI PMA TX Serializers   ; 0                                               ;
; Total PLLs                      ; 0                                               ;
; Total DLLs                      ; 0                                               ;
+---------------------------------+-------------------------------------------------+


+---------------------------------------------------------------------------------------------------------------------------+
; Analysis & Synthesis Settings                                                                                             ;
+---------------------------------------------------------------------------------+--------------------+--------------------+
; Option                                                                          ; Setting            ; Default Value      ;
+---------------------------------------------------------------------------------+--------------------+--------------------+
; Device                                                                          ; 5CGXFC7C6F23C7     ;                    ;
; Top-level entity name                                                           ; De0_SoC            ; De0_SoC            ;
; Family name                                                                     ; Cyclone V          ; Cyclone V          ;
; Use smart compilation                                                           ; Off                ; Off                ;
; Enable parallel Assembler and Timing Analyzer during compilation                ; On                 ; On                 ;
; Enable compact report table                                                     ; Off                ; Off                ;
; Restructure Multiplexers                                                        ; Auto               ; Auto               ;
; MLAB Add Timing Constraints For Mixed-Port Feed-Through Mode Setting Don't Care ; Off                ; Off                ;
; Create Debugging Nodes for IP Cores                                             ; Off                ; Off                ;
; Preserve fewer node names                                                       ; On                 ; On                 ;
; Intel FPGA IP Evaluation Mode                                                   ; Enable             ; Enable             ;
; Verilog Version                                                                 ; Verilog_2001       ; Verilog_2001       ;
; VHDL Version                                                                    ; VHDL_1993          ; VHDL_1993          ;
; State Machine Processing                                                        ; Auto               ; Auto               ;
; Safe State Machine                                                              ; Off                ; Off                ;
; Extract Verilog State Machines                                                  ; On                 ; On                 ;
; Extract VHDL State Machines                                                     ; On                 ; On                 ;
; Ignore Verilog initial constructs                                               ; Off                ; Off                ;
; Iteration limit for constant Verilog loops                                      ; 5000               ; 5000               ;
; Iteration limit for non-constant Verilog loops                                  ; 250                ; 250                ;
; Add Pass-Through Logic to Inferred RAMs                                         ; On                 ; On                 ;
; Infer RAMs from Raw Logic                                                       ; On                 ; On                 ;
; Parallel Synthesis                                                              ; On                 ; On                 ;
; DSP Block Balancing                                                             ; Auto               ; Auto               ;
; NOT Gate Push-Back                                                              ; On                 ; On                 ;
; Power-Up Don't Care                                                             ; On                 ; On                 ;
; Remove Redundant Logic Cells                                                    ; Off                ; Off                ;
; Remove Duplicate Registers                                                      ; On                 ; On                 ;
; Ignore CARRY Buffers                                                            ; Off                ; Off                ;
; Ignore CASCADE Buffers                                                          ; Off                ; Off                ;
; Ignore GLOBAL Buffers                                                           ; Off                ; Off                ;
; Ignore ROW GLOBAL Buffers                                                       ; Off                ; Off                ;
; Ignore LCELL Buffers                                                            ; Off                ; Off                ;
; Ignore SOFT Buffers                                                             ; On                 ; On                 ;
; Limit AHDL Integers to 32 Bits                                                  ; Off                ; Off                ;
; Optimization Technique                                                          ; Balanced           ; Balanced           ;
; Carry Chain Length                                                              ; 70                 ; 70                 ;
; Auto Carry Chains                                                               ; On                 ; On                 ;
; Auto Open-Drain Pins                                                            ; On                 ; On                 ;
; Perform WYSIWYG Primitive Resynthesis                                           ; Off                ; Off                ;
; Auto ROM Replacement                                                            ; On                 ; On                 ;
; Auto RAM Replacement                                                            ; On                 ; On                 ;
; Auto DSP Block Replacement                                                      ; On                 ; On                 ;
; Auto Shift Register Replacement                                                 ; Auto               ; Auto               ;
; Allow Shift Register Merging across Hierarchies                                 ; Auto               ; Auto               ;
; Auto Clock Enable Replacement                                                   ; On                 ; On                 ;
; Strict RAM Replacement                                                          ; Off                ; Off                ;
; Allow Synchronous Control Signals                                               ; On                 ; On                 ;
; Force Use of Synchronous Clear Signals                                          ; Off                ; Off                ;
; Auto Resource Sharing                                                           ; Off                ; Off                ;
; Allow Any RAM Size For Recognition                                              ; Off                ; Off                ;
; Allow Any ROM Size For Recognition                                              ; Off                ; Off                ;
; Allow Any Shift Register Size For Recognition                                   ; Off                ; Off                ;
; Use LogicLock Constraints during Resource Balancing                             ; On                 ; On                 ;
; Ignore translate_off and synthesis_off directives                               ; Off                ; Off                ;
; Timing-Driven Synthesis                                                         ; On                 ; On                 ;
; Report Parameter Settings                                                       ; On                 ; On                 ;
; Report Source Assignments                                                       ; On                 ; On                 ;
; Report Connectivity Checks                                                      ; On                 ; On                 ;
; Ignore Maximum Fan-Out Assignments                                              ; Off                ; Off                ;
; Synchronization Register Chain Length                                           ; 3                  ; 3                  ;
; Power Optimization During Synthesis                                             ; Normal compilation ; Normal compilation ;
; HDL message level                                                               ; Level2             ; Level2             ;
; Suppress Register Optimization Related Messages                                 ; Off                ; Off                ;
; Number of Removed Registers Reported in Synthesis Report                        ; 5000               ; 5000               ;
; Number of Swept Nodes Reported in Synthesis Report                              ; 5000               ; 5000               ;
; Number of Inverted Registers Reported in Synthesis Report                       ; 100                ; 100                ;
; Clock MUX Protection                                                            ; On                 ; On                 ;
; Auto Gated Clock Conversion                                                     ; Off                ; Off                ;
; Block Design Naming                                                             ; Auto               ; Auto               ;
; SDC constraint protection                                                       ; Off                ; Off                ;
; Synthesis Effort                                                                ; Auto               ; Auto               ;
; Shift Register Replacement - Allow Asynchronous Clear Signal                    ; On                 ; On                 ;
; Pre-Mapping Resynthesis Optimization                                            ; Off                ; Off                ;
; Analysis & Synthesis Message Level                                              ; Medium             ; Medium             ;
; Disable Register Merging Across Hierarchies                                     ; Auto               ; Auto               ;
; Resource Aware Inference For Block RAM                                          ; On                 ; On                 ;
; Automatic Parallel Synthesis                                                    ; On                 ; On                 ;
; Partial Reconfiguration Bitstream ID                                            ; Off                ; Off                ;
+---------------------------------------------------------------------------------+--------------------+--------------------+


+------------------------------------------+
; Parallel Compilation                     ;
+----------------------------+-------------+
; Processors                 ; Number      ;
+----------------------------+-------------+
; Number detected on machine ; 22          ;
; Maximum allowed            ; 16          ;
;                            ;             ;
; Average used               ; 1.00        ;
; Maximum used               ; 1           ;
;                            ;             ;
; Usage by Processor         ; % Time Used ;
;     Processor 1            ; 100.0%      ;
+----------------------------+-------------+


+-------------------------------------------------------------------------------------------------------------------------------------------+
; Analysis & Synthesis Source Files Read                                                                                                    ;
+----------------------------------+-----------------+------------------------------+---------------------------------------------+---------+
; File Name with User-Entered Path ; Used in Netlist ; File Type                    ; File Name with Absolute Path                ; Library ;
+----------------------------------+-----------------+------------------------------+---------------------------------------------+---------+
; De0_SoC.sv                       ; yes             ; User SystemVerilog HDL File  ; C:/Users/danie/Downloads/ARM CPU/De0_SoC.sv ;         ;
+----------------------------------+-----------------+------------------------------+---------------------------------------------+---------+


+-----------------------------------------------------+
; Analysis & Synthesis Resource Usage Summary         ;
+---------------------------------------------+-------+
; Resource                                    ; Usage ;
+---------------------------------------------+-------+
; Estimate of Logic utilization (ALMs needed) ; 0     ;
;                                             ;       ;
; Combinational ALUT usage for logic          ; 0     ;
;     -- 7 input functions                    ; 0     ;
;     -- 6 input functions                    ; 0     ;
;     -- 5 input functions                    ; 0     ;
;     -- 4 input functions                    ; 0     ;
;     -- <=3 input functions                  ; 0     ;
;                                             ;       ;
; Dedicated logic registers                   ; 0     ;
;                                             ;       ;
; I/O pins                                    ; 24    ;
;                                             ;       ;
; Total DSP Blocks                            ; 0     ;
;                                             ;       ;
; Maximum fan-out node                        ; SW[1] ;
; Maximum fan-out                             ; 1     ;
; Total fan-out                               ; 26    ;
; Average fan-out                             ; 0.54  ;
+---------------------------------------------+-------+


+----------------------------------------------------------------------------------------------------------------------------------------------------------------------------------------+
; Analysis & Synthesis Resource Utilization by Entity                                                                                                                                    ;
+----------------------------+---------------------+---------------------------+-------------------+------------+------+--------------+---------------------+-------------+--------------+
; Compilation Hierarchy Node ; Combinational ALUTs ; Dedicated Logic Registers ; Block Memory Bits ; DSP Blocks ; Pins ; Virtual Pins ; Full Hierarchy Name ; Entity Name ; Library Name ;
+----------------------------+---------------------+---------------------------+-------------------+------------+------+--------------+---------------------+-------------+--------------+
; |De0_SoC                   ; 0 (0)               ; 0 (0)                     ; 0                 ; 0          ; 24   ; 0            ; |De0_SoC            ; De0_SoC     ; work         ;
+----------------------------+---------------------+---------------------------+-------------------+------------+------+--------------+---------------------+-------------+--------------+
Note: For table entries with two numbers listed, the numbers in parentheses indicate the number of resources of the given type used by the specific entity alone. The numbers listed outside of parentheses indicate the total resources of the given type used by the specific entity and all of its sub-entities in the hierarchy.


+------------------------------------------------------+
; General Register Statistics                          ;
+----------------------------------------------+-------+
; Statistic                                    ; Value ;
+----------------------------------------------+-------+
; Total registers                              ; 0     ;
; Number of registers using Synchronous Clear  ; 0     ;
; Number of registers using Synchronous Load   ; 0     ;
; Number of registers using Asynchronous Clear ; 0     ;
; Number of registers using Asynchronous Load  ; 0     ;
; Number of registers using Clock Enable       ; 0     ;
; Number of registers using Preset             ; 0     ;
+----------------------------------------------+-------+


+-----------------------------------------------------+
; Post-Synthesis Netlist Statistics for Top Partition ;
+-----------------------+-----------------------------+
; Type                  ; Count                       ;
+-----------------------+-----------------------------+
; arriav_lcell_comb     ; 2                           ;
;     normal            ; 2                           ;
;         0 data inputs ; 1                           ;
;         1 data inputs ; 1                           ;
; boundary_port         ; 24                          ;
;                       ;                             ;
; Max LUT depth         ; 1.00                        ;
; Average LUT depth     ; 0.50                        ;
+-----------------------+-----------------------------+


+-------------------------------+
; Elapsed Time Per Partition    ;
+----------------+--------------+
; Partition Name ; Elapsed Time ;
+----------------+--------------+
; Top            ; 00:00:00     ;
+----------------+--------------+


+-------------------------------+
; Analysis & Synthesis Messages ;
+-------------------------------+
Info: *******************************************************************
Info: Running Quartus Prime Analysis & Synthesis
    Info: Version 25.1std.0 Build 1129 10/21/2025 SC Lite Edition
    Info: Processing started: Fri Sep  4 13:54:35 2026
Info: Command: quartus_map --read_settings_files=on --write_settings_files=off ARMCPU -c De0_SoC
Warning (18236): Number of processors has not been specified which may cause overloading on shared machines.  Set the global assignment NUM_PARALLEL_PROCESSORS in your QSF to an appropriate value for best performance.
Info (20030): Parallel compilation is enabled and will use 16 of the 16 processors detected
Info (12021): Found 2 design units, including 2 entities, in source file de0_soc.sv
    Info (12023): Found entity 1: De0_SoC File: C:/Users/danie/Downloads/ARM CPU/De0_SoC.sv Line: 1
    Info (12023): Found entity 2: De0_SoC_testbench File: C:/Users/danie/Downloads/ARM CPU/De0_SoC.sv Line: 11
Info (12021): Found 2 design units, including 2 entities, in source file alu.sv
    Info (12023): Found entity 1: alu File: C:/Users/danie/Downloads/ARM CPU/alu.sv Line: 1
    Info (12023): Found entity 2: alu_testbench File: C:/Users/danie/Downloads/ARM CPU/alu.sv Line: 62
Info (12021): Found 2 design units, including 2 entities, in source file add1.sv
    Info (12023): Found entity 1: add1 File: C:/Users/danie/Downloads/ARM CPU/add1.sv Line: 2
    Info (12023): Found entity 2: add1_testbench File: C:/Users/danie/Downloads/ARM CPU/add1.sv Line: 11
Info (12021): Found 2 design units, including 2 entities, in source file add32.sv
    Info (12023): Found entity 1: add32 File: C:/Users/danie/Downloads/ARM CPU/add32.sv Line: 2
    Info (12023): Found entity 2: add32_testbench File: C:/Users/danie/Downloads/ARM CPU/add32.sv Line: 60
Info (12021): Found 2 design units, including 2 entities, in source file register_file.sv
    Info (12023): Found entity 1: register_file File: C:/Users/danie/Downloads/ARM CPU/register_file.sv Line: 1
    Info (12023): Found entity 2: register_file_testbench File: C:/Users/danie/Downloads/ARM CPU/register_file.sv Line: 30
Info (12021): Found 1 design units, including 0 entities, in source file cpu_parameters.sv
    Info (12022): Found design unit 1: CPU_parameters (SystemVerilog) File: C:/Users/danie/Downloads/ARM CPU/CPU_parameters.sv Line: 1
Info (12021): Found 2 design units, including 2 entities, in source file program_counter.sv
    Info (12023): Found entity 1: program_counter File: C:/Users/danie/Downloads/ARM CPU/program_counter.sv Line: 1
    Info (12023): Found entity 2: program_counter_testbench File: C:/Users/danie/Downloads/ARM CPU/program_counter.sv Line: 15
Info (12021): Found 2 design units, including 2 entities, in source file instruction_memory.sv
    Info (12023): Found entity 1: instruction_memory File: C:/Users/danie/Downloads/ARM CPU/instruction_memory.sv Line: 1
    Info (12023): Found entity 2: instruction_memory_testbench File: C:/Users/danie/Downloads/ARM CPU/instruction_memory.sv Line: 15
Info (12021): Found 2 design units, including 2 entities, in source file decoder.sv
    Info (12023): Found entity 1: decoder File: C:/Users/danie/Downloads/ARM CPU/decoder.sv Line: 1
    Info (12023): Found entity 2: decoder_testbench File: C:/Users/danie/Downloads/ARM CPU/decoder.sv Line: 19
Info (12021): Found 2 design units, including 2 entities, in source file register_rotator.sv
    Info (12023): Found entity 1: register_rotator File: C:/Users/danie/Downloads/ARM CPU/register_rotator.sv Line: 1
    Info (12023): Found entity 2: register_rotator_testbench File: C:/Users/danie/Downloads/ARM CPU/register_rotator.sv Line: 24
Info (12021): Found 1 design units, including 1 entities, in source file persistent_flags.sv
    Info (12023): Found entity 1: persistent_flags File: C:/Users/danie/Downloads/ARM CPU/persistent_flags.sv Line: 1
Info (12021): Found 2 design units, including 2 entities, in source file mux_2_to_1.sv
    Info (12023): Found entity 1: mux_2_to_1 File: C:/Users/danie/Downloads/ARM CPU/mux_2_to_1.sv Line: 3
    Info (12023): Found entity 2: mux_2_to_1_testbench File: C:/Users/danie/Downloads/ARM CPU/mux_2_to_1.sv Line: 12
Info (12127): Elaborating entity "De0_SoC" for the top level hierarchy
Warning (10034): Output port "LEDR[9..2]" at De0_SoC.sv(4) has no driver File: C:/Users/danie/Downloads/ARM CPU/De0_SoC.sv Line: 4
Warning (13024): Output pins are stuck at VCC or GND
    Warning (13410): Pin "LEDR[2]" is stuck at GND File: C:/Users/danie/Downloads/ARM CPU/De0_SoC.sv Line: 4
    Warning (13410): Pin "LEDR[3]" is stuck at GND File: C:/Users/danie/Downloads/ARM CPU/De0_SoC.sv Line: 4
    Warning (13410): Pin "LEDR[4]" is stuck at GND File: C:/Users/danie/Downloads/ARM CPU/De0_SoC.sv Line: 4
    Warning (13410): Pin "LEDR[5]" is stuck at GND File: C:/Users/danie/Downloads/ARM CPU/De0_SoC.sv Line: 4
    Warning (13410): Pin "LEDR[6]" is stuck at GND File: C:/Users/danie/Downloads/ARM CPU/De0_SoC.sv Line: 4
    Warning (13410): Pin "LEDR[7]" is stuck at GND File: C:/Users/danie/Downloads/ARM CPU/De0_SoC.sv Line: 4
    Warning (13410): Pin "LEDR[8]" is stuck at GND File: C:/Users/danie/Downloads/ARM CPU/De0_SoC.sv Line: 4
    Warning (13410): Pin "LEDR[9]" is stuck at GND File: C:/Users/danie/Downloads/ARM CPU/De0_SoC.sv Line: 4
Info (16010): Generating hard_block partition "hard_block:auto_generated_inst"
    Info (16011): Adding 0 node(s), including 0 DDIO, 0 PLL, 0 transceiver and 0 LCELL
Warning (21074): Design contains 12 input pin(s) that do not drive logic
    Warning (15610): No output dependent on input pin "SW[1]" File: C:/Users/danie/Downloads/ARM CPU/De0_SoC.sv Line: 2
    Warning (15610): No output dependent on input pin "SW[2]" File: C:/Users/danie/Downloads/ARM CPU/De0_SoC.sv Line: 2
    Warning (15610): No output dependent on input pin "SW[3]" File: C:/Users/danie/Downloads/ARM CPU/De0_SoC.sv Line: 2
    Warning (15610): No output dependent on input pin "SW[4]" File: C:/Users/danie/Downloads/ARM CPU/De0_SoC.sv Line: 2
    Warning (15610): No output dependent on input pin "SW[5]" File: C:/Users/danie/Downloads/ARM CPU/De0_SoC.sv Line: 2
    Warning (15610): No output dependent on input pin "SW[6]" File: C:/Users/danie/Downloads/ARM CPU/De0_SoC.sv Line: 2
    Warning (15610): No output dependent on input pin "SW[7]" File: C:/Users/danie/Downloads/ARM CPU/De0_SoC.sv Line: 2
    Warning (15610): No output dependent on input pin "SW[8]" File: C:/Users/danie/Downloads/ARM CPU/De0_SoC.sv Line: 2
    Warning (15610): No output dependent on input pin "SW[9]" File: C:/Users/danie/Downloads/ARM CPU/De0_SoC.sv Line: 2
    Warning (15610): No output dependent on input pin "KEY[0]" File: C:/Users/danie/Downloads/ARM CPU/De0_SoC.sv Line: 3
    Warning (15610): No output dependent on input pin "KEY[2]" File: C:/Users/danie/Downloads/ARM CPU/De0_SoC.sv Line: 3
    Warning (15610): No output dependent on input pin "KEY[3]" File: C:/Users/danie/Downloads/ARM CPU/De0_SoC.sv Line: 3
Info (21057): Implemented 24 device resources after synthesis - the final resource count might be different
    Info (21058): Implemented 14 input pins
    Info (21059): Implemented 10 output pins
Info: Quartus Prime Analysis & Synthesis was successful. 0 errors, 24 warnings
    Info: Peak virtual memory: 4824 megabytes
    Info: Processing ended: Fri Sep  4 13:54:41 2026
    Info: Elapsed time: 00:00:06
    Info: Total CPU time (on all processors): 00:00:14


